[2026-05-02T14:14:18.315+0000] {manager.py:470} INFO - Processing files using up to 2 processes at a time 
[2026-05-02T14:14:18.317+0000] {manager.py:471} INFO - Process each file at most once every 30 seconds
[2026-05-02T14:14:18.319+0000] {manager.py:472} INFO - Checking for new files in /opt/airflow/dags every 300 seconds
[2026-05-02T14:14:18.321+0000] {manager.py:737} INFO - Searching for files in /opt/airflow/dags
[2026-05-02T14:14:18.388+0000] {manager.py:740} INFO - There are 1 files in /opt/airflow/dags
[2026-05-02T14:14:18.623+0000] {manager.py:878} INFO - 
================================================================================
DAG File Processing Stats

File Path                                PID  Runtime      # DAGs    # Errors  Last Runtime    Last Run
-------------------------------------  -----  ---------  --------  ----------  --------------  ----------
/opt/airflow/dags/finsight_etl_dag.py    180  0.13s             0           0
================================================================================
[2026-05-02T14:14:48.835+0000] {manager.py:878} INFO - 
================================================================================
DAG File Processing Stats

File Path                              PID    Runtime      # DAGs    # Errors  Last Runtime    Last Run
-------------------------------------  -----  ---------  --------  ----------  --------------  -------------------
/opt/airflow/dags/finsight_etl_dag.py                           1           0  1.22s           2026-05-02T14:14:19
================================================================================
[2026-05-02T14:15:19.112+0000] {manager.py:878} INFO - 
================================================================================
DAG File Processing Stats

File Path                              PID    Runtime      # DAGs    # Errors  Last Runtime    Last Run
-------------------------------------  -----  ---------  --------  ----------  --------------  -------------------
/opt/airflow/dags/finsight_etl_dag.py                           1           0  0.35s           2026-05-02T14:14:50
================================================================================
[2026-05-02T14:15:49.624+0000] {manager.py:878} INFO - 
================================================================================
DAG File Processing Stats

File Path                              PID    Runtime      # DAGs    # Errors  Last Runtime    Last Run
-------------------------------------  -----  ---------  --------  ----------  --------------  -------------------
/opt/airflow/dags/finsight_etl_dag.py                           1           0  0.31s           2026-05-02T14:15:20
================================================================================
[2026-05-02T14:16:20.050+0000] {manager.py:878} INFO - 
================================================================================
DAG File Processing Stats

File Path                              PID    Runtime      # DAGs    # Errors  Last Runtime    Last Run
-------------------------------------  -----  ---------  --------  ----------  --------------  -------------------
/opt/airflow/dags/finsight_etl_dag.py                           1           0  0.31s           2026-05-02T14:15:51
================================================================================
[2026-05-02T14:16:50.117+0000] {manager.py:878} INFO - 
================================================================================
DAG File Processing Stats

File Path                              PID    Runtime      # DAGs    # Errors  Last Runtime    Last Run
-------------------------------------  -----  ---------  --------  ----------  --------------  -------------------
/opt/airflow/dags/finsight_etl_dag.py                           1           0  0.59s           2026-05-02T14:16:21
================================================================================
[2026-05-02T14:35:50.610+0000] {manager.py:737} INFO - Searching for files in /opt/airflow/dags
[2026-05-02T14:35:50.689+0000] {manager.py:740} INFO - There are 1 files in /opt/airflow/dags
[2026-05-02T14:36:07.895+0000] {manager.py:878} INFO - 
================================================================================
DAG File Processing Stats

File Path                              PID    Runtime      # DAGs    # Errors  Last Runtime    Last Run
-------------------------------------  -----  ---------  --------  ----------  --------------  -------------------
/opt/airflow/dags/finsight_etl_dag.py                           1           0  1.03s           2026-05-02T14:35:51
================================================================================
[2026-05-02T14:36:37.973+0000] {manager.py:878} INFO - 
================================================================================
DAG File Processing Stats

File Path                              PID    Runtime      # DAGs    # Errors  Last Runtime    Last Run
-------------------------------------  -----  ---------  --------  ----------  --------------  -------------------
/opt/airflow/dags/finsight_etl_dag.py                           1           0  0.77s           2026-05-02T14:36:22
================================================================================
[2026-05-02T14:37:08.254+0000] {manager.py:878} INFO - 
================================================================================
DAG File Processing Stats

File Path                              PID    Runtime      # DAGs    # Errors  Last Runtime    Last Run
-------------------------------------  -----  ---------  --------  ----------  --------------  -------------------
/opt/airflow/dags/finsight_etl_dag.py                           1           0  0.43s           2026-05-02T14:36:53
================================================================================
[2026-05-02T14:37:38.895+0000] {manager.py:878} INFO - 
================================================================================
DAG File Processing Stats

File Path                              PID    Runtime      # DAGs    # Errors  Last Runtime    Last Run
-------------------------------------  -----  ---------  --------  ----------  --------------  -------------------
/opt/airflow/dags/finsight_etl_dag.py                           1           0  0.31s           2026-05-02T14:37:24
================================================================================
[2026-05-02T14:38:09.399+0000] {manager.py:878} INFO - 
================================================================================
DAG File Processing Stats

File Path                              PID    Runtime      # DAGs    # Errors  Last Runtime    Last Run
-------------------------------------  -----  ---------  --------  ----------  --------------  -------------------
/opt/airflow/dags/finsight_etl_dag.py                           1           0  0.30s           2026-05-02T14:37:54
================================================================================
[2026-05-02T14:38:39.903+0000] {manager.py:878} INFO - 
================================================================================
DAG File Processing Stats

File Path                              PID    Runtime      # DAGs    # Errors  Last Runtime    Last Run
-------------------------------------  -----  ---------  --------  ----------  --------------  -------------------
/opt/airflow/dags/finsight_etl_dag.py                           1           0  0.26s           2026-05-02T14:38:25
================================================================================
[2026-05-02T14:39:10.331+0000] {manager.py:878} INFO - 
================================================================================
DAG File Processing Stats

File Path                              PID    Runtime      # DAGs    # Errors  Last Runtime    Last Run
-------------------------------------  -----  ---------  --------  ----------  --------------  -------------------
/opt/airflow/dags/finsight_etl_dag.py                           1           0  0.31s           2026-05-02T14:38:55
================================================================================
[2026-05-02T14:39:40.867+0000] {manager.py:878} INFO - 
================================================================================
DAG File Processing Stats

File Path                              PID    Runtime      # DAGs    # Errors  Last Runtime    Last Run
-------------------------------------  -----  ---------  --------  ----------  --------------  -------------------
/opt/airflow/dags/finsight_etl_dag.py                           1           0  0.30s           2026-05-02T14:39:26
================================================================================
[2026-05-02T14:40:11.377+0000] {manager.py:878} INFO - 
================================================================================
DAG File Processing Stats

File Path                              PID    Runtime      # DAGs    # Errors  Last Runtime    Last Run
-------------------------------------  -----  ---------  --------  ----------  --------------  -------------------
/opt/airflow/dags/finsight_etl_dag.py                           1           0  0.38s           2026-05-02T14:39:56
================================================================================
[2026-05-02T14:41:06.860+0000] {manager.py:470} INFO - Processing files using up to 2 processes at a time 
[2026-05-02T14:41:06.862+0000] {manager.py:471} INFO - Process each file at most once every 30 seconds
[2026-05-02T14:41:06.863+0000] {manager.py:472} INFO - Checking for new files in /opt/airflow/dags every 300 seconds
[2026-05-02T14:41:06.865+0000] {manager.py:737} INFO - Searching for files in /opt/airflow/dags
[2026-05-02T14:41:06.908+0000] {manager.py:740} INFO - There are 1 files in /opt/airflow/dags
[2026-05-02T14:41:07.097+0000] {manager.py:878} INFO - 
================================================================================
DAG File Processing Stats

File Path                                PID  Runtime      # DAGs    # Errors  Last Runtime    Last Run
-------------------------------------  -----  ---------  --------  ----------  --------------  ----------
/opt/airflow/dags/finsight_etl_dag.py    180  0.09s             0           0
================================================================================
[2026-05-02T14:41:37.283+0000] {manager.py:878} INFO - 
================================================================================
DAG File Processing Stats

File Path                              PID    Runtime      # DAGs    # Errors  Last Runtime    Last Run
-------------------------------------  -----  ---------  --------  ----------  --------------  -------------------
/opt/airflow/dags/finsight_etl_dag.py                           1           0  1.14s           2026-05-02T14:41:08
================================================================================
[2026-05-02T14:42:07.513+0000] {manager.py:878} INFO - 
================================================================================
DAG File Processing Stats

File Path                              PID    Runtime      # DAGs    # Errors  Last Runtime    Last Run
-------------------------------------  -----  ---------  --------  ----------  --------------  -------------------
/opt/airflow/dags/finsight_etl_dag.py                           1           0  0.32s           2026-05-02T14:41:38
================================================================================
[2026-05-02T14:42:38.026+0000] {manager.py:878} INFO - 
================================================================================
DAG File Processing Stats

File Path                              PID    Runtime      # DAGs    # Errors  Last Runtime    Last Run
-------------------------------------  -----  ---------  --------  ----------  --------------  -------------------
/opt/airflow/dags/finsight_etl_dag.py                           1           0  0.30s           2026-05-02T14:42:09
================================================================================
[2026-05-02T14:43:08.032+0000] {manager.py:878} INFO - 
================================================================================
DAG File Processing Stats

File Path                              PID    Runtime      # DAGs    # Errors  Last Runtime    Last Run
-------------------------------------  -----  ---------  --------  ----------  --------------  -------------------
/opt/airflow/dags/finsight_etl_dag.py                           1           0  0.31s           2026-05-02T14:42:39
================================================================================
[2026-05-02T14:43:38.748+0000] {manager.py:878} INFO - 
================================================================================
DAG File Processing Stats

File Path                              PID    Runtime      # DAGs    # Errors  Last Runtime    Last Run
-------------------------------------  -----  ---------  --------  ----------  --------------  -------------------
/opt/airflow/dags/finsight_etl_dag.py                           1           0  0.76s           2026-05-02T14:43:10
================================================================================
[2026-05-02T14:44:08.751+0000] {manager.py:878} INFO - 
================================================================================
DAG File Processing Stats

File Path                              PID    Runtime      # DAGs    # Errors  Last Runtime    Last Run
-------------------------------------  -----  ---------  --------  ----------  --------------  -------------------
/opt/airflow/dags/finsight_etl_dag.py                           1           0  0.57s           2026-05-02T14:43:41
================================================================================
[2026-05-02T14:44:26.390+0000] {manager.py:452} INFO - Exiting gracefully upon receiving signal 15
[2026-05-02T14:45:22.707+0000] {manager.py:470} INFO - Processing files using up to 2 processes at a time 
[2026-05-02T14:45:22.710+0000] {manager.py:471} INFO - Process each file at most once every 30 seconds
[2026-05-02T14:45:22.714+0000] {manager.py:472} INFO - Checking for new files in /opt/airflow/dags every 300 seconds
[2026-05-02T14:45:22.716+0000] {manager.py:737} INFO - Searching for files in /opt/airflow/dags
[2026-05-02T14:45:22.819+0000] {manager.py:740} INFO - There are 1 files in /opt/airflow/dags
[2026-05-02T14:45:23.074+0000] {manager.py:878} INFO - 
================================================================================
DAG File Processing Stats

File Path                                PID  Runtime      # DAGs    # Errors  Last Runtime    Last Run
-------------------------------------  -----  ---------  --------  ----------  --------------  ----------
/opt/airflow/dags/finsight_etl_dag.py    186  0.11s             0           0
================================================================================
[2026-05-02T14:45:53.860+0000] {manager.py:878} INFO - 
================================================================================
DAG File Processing Stats

File Path                              PID    Runtime      # DAGs    # Errors  Last Runtime    Last Run
-------------------------------------  -----  ---------  --------  ----------  --------------  -------------------
/opt/airflow/dags/finsight_etl_dag.py                           1           0  1.35s           2026-05-02T14:45:24
================================================================================
[2026-05-02T14:46:24.120+0000] {manager.py:878} INFO - 
================================================================================
DAG File Processing Stats

File Path                              PID    Runtime      # DAGs    # Errors  Last Runtime    Last Run
-------------------------------------  -----  ---------  --------  ----------  --------------  -------------------
/opt/airflow/dags/finsight_etl_dag.py                           1           0  0.27s           2026-05-02T14:45:55
================================================================================
[2026-05-02T14:46:54.559+0000] {manager.py:878} INFO - 
================================================================================
DAG File Processing Stats

File Path                              PID    Runtime      # DAGs    # Errors  Last Runtime    Last Run
-------------------------------------  -----  ---------  --------  ----------  --------------  -------------------
/opt/airflow/dags/finsight_etl_dag.py                           1           0  0.28s           2026-05-02T14:46:25
================================================================================
[2026-05-02T14:47:25.027+0000] {manager.py:878} INFO - 
================================================================================
DAG File Processing Stats

File Path                              PID    Runtime      # DAGs    # Errors  Last Runtime    Last Run
-------------------------------------  -----  ---------  --------  ----------  --------------  -------------------
/opt/airflow/dags/finsight_etl_dag.py                           1           0  0.32s           2026-05-02T14:46:56
================================================================================
[2026-05-02T14:47:55.127+0000] {manager.py:878} INFO - 
================================================================================
DAG File Processing Stats

File Path                              PID    Runtime      # DAGs    # Errors  Last Runtime    Last Run
-------------------------------------  -----  ---------  --------  ----------  --------------  -------------------
/opt/airflow/dags/finsight_etl_dag.py                           1           0  0.60s           2026-05-02T14:47:26
================================================================================
[2026-05-02T14:48:25.723+0000] {manager.py:878} INFO - 
================================================================================
DAG File Processing Stats

File Path                              PID    Runtime      # DAGs    # Errors  Last Runtime    Last Run
-------------------------------------  -----  ---------  --------  ----------  --------------  -------------------
/opt/airflow/dags/finsight_etl_dag.py                           1           0  0.65s           2026-05-02T14:47:57
================================================================================
[2026-05-02T14:48:55.930+0000] {manager.py:878} INFO - 
================================================================================
DAG File Processing Stats

File Path                              PID    Runtime      # DAGs    # Errors  Last Runtime    Last Run
-------------------------------------  -----  ---------  --------  ----------  --------------  -------------------
/opt/airflow/dags/finsight_etl_dag.py                           1           0  0.69s           2026-05-02T14:48:28
================================================================================
[2026-05-02T14:49:26.074+0000] {manager.py:878} INFO - 
================================================================================
DAG File Processing Stats

File Path                              PID    Runtime      # DAGs    # Errors  Last Runtime    Last Run
-------------------------------------  -----  ---------  --------  ----------  --------------  -------------------
/opt/airflow/dags/finsight_etl_dag.py                           1           0  0.67s           2026-05-02T14:48:59
================================================================================
[2026-05-02T14:49:56.368+0000] {manager.py:878} INFO - 
================================================================================
DAG File Processing Stats

File Path                              PID    Runtime      # DAGs    # Errors  Last Runtime    Last Run
-------------------------------------  -----  ---------  --------  ----------  --------------  -------------------
/opt/airflow/dags/finsight_etl_dag.py                           1           0  0.35s           2026-05-02T14:49:30
================================================================================
[2026-05-02T14:50:22.877+0000] {manager.py:737} INFO - Searching for files in /opt/airflow/dags
[2026-05-02T14:50:22.931+0000] {manager.py:740} INFO - There are 1 files in /opt/airflow/dags
[2026-05-02T14:50:26.974+0000] {manager.py:878} INFO - 
================================================================================
DAG File Processing Stats

File Path                              PID    Runtime      # DAGs    # Errors  Last Runtime    Last Run
-------------------------------------  -----  ---------  --------  ----------  --------------  -------------------
/opt/airflow/dags/finsight_etl_dag.py                           1           0  0.36s           2026-05-02T14:50:01
================================================================================
[2026-05-02T14:50:57.464+0000] {manager.py:878} INFO - 
================================================================================
DAG File Processing Stats

File Path                              PID    Runtime      # DAGs    # Errors  Last Runtime    Last Run
-------------------------------------  -----  ---------  --------  ----------  --------------  -------------------
/opt/airflow/dags/finsight_etl_dag.py                           1           0  0.31s           2026-05-02T14:50:31
================================================================================
[2026-05-02T14:51:27.972+0000] {manager.py:878} INFO - 
================================================================================
DAG File Processing Stats

File Path                              PID    Runtime      # DAGs    # Errors  Last Runtime    Last Run
-------------------------------------  -----  ---------  --------  ----------  --------------  -------------------
/opt/airflow/dags/finsight_etl_dag.py                           1           0  0.31s           2026-05-02T14:51:02
================================================================================
[2026-05-02T14:51:58.545+0000] {manager.py:878} INFO - 
================================================================================
DAG File Processing Stats

File Path                              PID    Runtime      # DAGs    # Errors  Last Runtime    Last Run
-------------------------------------  -----  ---------  --------  ----------  --------------  -------------------
/opt/airflow/dags/finsight_etl_dag.py                           1           0  0.32s           2026-05-02T14:51:32
================================================================================
[2026-05-02T14:52:29.032+0000] {manager.py:878} INFO - 
================================================================================
DAG File Processing Stats

File Path                              PID    Runtime      # DAGs    # Errors  Last Runtime    Last Run
-------------------------------------  -----  ---------  --------  ----------  --------------  -------------------
/opt/airflow/dags/finsight_etl_dag.py                           1           0  0.27s           2026-05-02T14:52:03
================================================================================
[2026-05-02T14:52:59.498+0000] {manager.py:878} INFO - 
================================================================================
DAG File Processing Stats

File Path                              PID    Runtime      # DAGs    # Errors  Last Runtime    Last Run
-------------------------------------  -----  ---------  --------  ----------  --------------  -------------------
/opt/airflow/dags/finsight_etl_dag.py                           1           0  0.29s           2026-05-02T14:52:33
================================================================================
[2026-05-02T14:53:29.965+0000] {manager.py:878} INFO - 
================================================================================
DAG File Processing Stats

File Path                              PID    Runtime      # DAGs    # Errors  Last Runtime    Last Run
-------------------------------------  -----  ---------  --------  ----------  --------------  -------------------
/opt/airflow/dags/finsight_etl_dag.py                           1           0  0.29s           2026-05-02T14:53:04
================================================================================
[2026-05-02T14:54:00.483+0000] {manager.py:878} INFO - 
================================================================================
DAG File Processing Stats

File Path                              PID    Runtime      # DAGs    # Errors  Last Runtime    Last Run
-------------------------------------  -----  ---------  --------  ----------  --------------  -------------------
/opt/airflow/dags/finsight_etl_dag.py                           1           0  0.28s           2026-05-02T14:53:34
================================================================================
[2026-05-02T14:54:30.952+0000] {manager.py:878} INFO - 
================================================================================
DAG File Processing Stats

File Path                              PID    Runtime      # DAGs    # Errors  Last Runtime    Last Run
-------------------------------------  -----  ---------  --------  ----------  --------------  -------------------
/opt/airflow/dags/finsight_etl_dag.py                           1           0  0.29s           2026-05-02T14:54:05
================================================================================
[2026-05-02T14:55:01.455+0000] {manager.py:878} INFO - 
================================================================================
DAG File Processing Stats

File Path                              PID    Runtime      # DAGs    # Errors  Last Runtime    Last Run
-------------------------------------  -----  ---------  --------  ----------  --------------  -------------------
/opt/airflow/dags/finsight_etl_dag.py                           1           0  0.26s           2026-05-02T14:54:35
================================================================================
[2026-05-02T14:55:23.138+0000] {manager.py:737} INFO - Searching for files in /opt/airflow/dags
[2026-05-02T14:55:23.170+0000] {manager.py:740} INFO - There are 1 files in /opt/airflow/dags
[2026-05-02T14:55:31.908+0000] {manager.py:878} INFO - 
================================================================================
DAG File Processing Stats

File Path                              PID    Runtime      # DAGs    # Errors  Last Runtime    Last Run
-------------------------------------  -----  ---------  --------  ----------  --------------  -------------------
/opt/airflow/dags/finsight_etl_dag.py                           1           0  0.31s           2026-05-02T14:55:06
================================================================================
[2026-05-02T14:56:02.471+0000] {manager.py:878} INFO - 
================================================================================
DAG File Processing Stats

File Path                              PID    Runtime      # DAGs    # Errors  Last Runtime    Last Run
-------------------------------------  -----  ---------  --------  ----------  --------------  -------------------
/opt/airflow/dags/finsight_etl_dag.py                           1           0  0.32s           2026-05-02T14:55:36
================================================================================
[2026-05-02T14:56:32.990+0000] {manager.py:878} INFO - 
================================================================================
DAG File Processing Stats

File Path                              PID    Runtime      # DAGs    # Errors  Last Runtime    Last Run
-------------------------------------  -----  ---------  --------  ----------  --------------  -------------------
/opt/airflow/dags/finsight_etl_dag.py                           1           0  0.30s           2026-05-02T14:56:07
================================================================================
[2026-05-02T14:57:03.560+0000] {manager.py:878} INFO - 
================================================================================
DAG File Processing Stats

File Path                              PID    Runtime      # DAGs    # Errors  Last Runtime    Last Run
-------------------------------------  -----  ---------  --------  ----------  --------------  -------------------
/opt/airflow/dags/finsight_etl_dag.py                           1           0  0.28s           2026-05-02T14:56:37
================================================================================
[2026-05-02T14:57:33.967+0000] {manager.py:878} INFO - 
================================================================================
DAG File Processing Stats

File Path                              PID    Runtime      # DAGs    # Errors  Last Runtime    Last Run
-------------------------------------  -----  ---------  --------  ----------  --------------  -------------------
/opt/airflow/dags/finsight_etl_dag.py                           1           0  0.39s           2026-05-02T14:57:08
================================================================================
[2026-05-02T14:58:04.569+0000] {manager.py:878} INFO - 
================================================================================
DAG File Processing Stats

File Path                              PID    Runtime      # DAGs    # Errors  Last Runtime    Last Run
-------------------------------------  -----  ---------  --------  ----------  --------------  -------------------
/opt/airflow/dags/finsight_etl_dag.py                           1           0  0.28s           2026-05-02T14:57:38
================================================================================
[2026-05-02T14:58:35.071+0000] {manager.py:878} INFO - 
================================================================================
DAG File Processing Stats

File Path                              PID    Runtime      # DAGs    # Errors  Last Runtime    Last Run
-------------------------------------  -----  ---------  --------  ----------  --------------  -------------------
/opt/airflow/dags/finsight_etl_dag.py                           1           0  0.44s           2026-05-02T14:58:09
================================================================================
[2026-05-02T14:59:44.146+0000] {manager.py:470} INFO - Processing files using up to 2 processes at a time 
[2026-05-02T14:59:44.148+0000] {manager.py:471} INFO - Process each file at most once every 30 seconds
[2026-05-02T14:59:44.150+0000] {manager.py:472} INFO - Checking for new files in /opt/airflow/dags every 300 seconds
[2026-05-02T14:59:44.151+0000] {manager.py:737} INFO - Searching for files in /opt/airflow/dags
[2026-05-02T14:59:44.191+0000] {manager.py:740} INFO - There are 1 files in /opt/airflow/dags
[2026-05-02T14:59:44.453+0000] {manager.py:878} INFO - 
================================================================================
DAG File Processing Stats

File Path                                PID  Runtime      # DAGs    # Errors  Last Runtime    Last Run
-------------------------------------  -----  ---------  --------  ----------  --------------  ----------
/opt/airflow/dags/finsight_etl_dag.py    180  0.12s             0           0
================================================================================
[2026-05-02T15:00:14.673+0000] {manager.py:878} INFO - 
================================================================================
DAG File Processing Stats

File Path                              PID    Runtime      # DAGs    # Errors  Last Runtime    Last Run
-------------------------------------  -----  ---------  --------  ----------  --------------  -------------------
/opt/airflow/dags/finsight_etl_dag.py                           1           0  1.21s           2026-05-02T14:59:45
================================================================================
[2026-05-02T15:00:44.933+0000] {manager.py:878} INFO - 
================================================================================
DAG File Processing Stats

File Path                              PID    Runtime      # DAGs    # Errors  Last Runtime    Last Run
-------------------------------------  -----  ---------  --------  ----------  --------------  -------------------
/opt/airflow/dags/finsight_etl_dag.py                           1           0  0.27s           2026-05-02T15:00:15
================================================================================
[2026-05-02T15:01:15.362+0000] {manager.py:878} INFO - 
================================================================================
DAG File Processing Stats

File Path                              PID    Runtime      # DAGs    # Errors  Last Runtime    Last Run
-------------------------------------  -----  ---------  --------  ----------  --------------  -------------------
/opt/airflow/dags/finsight_etl_dag.py                           1           0  0.32s           2026-05-02T15:00:46
================================================================================
[2026-05-02T15:01:45.915+0000] {manager.py:878} INFO - 
================================================================================
DAG File Processing Stats

File Path                              PID    Runtime      # DAGs    # Errors  Last Runtime    Last Run
-------------------------------------  -----  ---------  --------  ----------  --------------  -------------------
/opt/airflow/dags/finsight_etl_dag.py                           1           0  0.32s           2026-05-02T15:01:17
================================================================================
[2026-05-02T15:02:16.145+0000] {manager.py:878} INFO - 
================================================================================
DAG File Processing Stats

File Path                              PID    Runtime      # DAGs    # Errors  Last Runtime    Last Run
-------------------------------------  -----  ---------  --------  ----------  --------------  -------------------
/opt/airflow/dags/finsight_etl_dag.py                           1           0  0.76s           2026-05-02T15:01:47
================================================================================
[2026-05-02T15:02:46.384+0000] {manager.py:878} INFO - 
================================================================================
DAG File Processing Stats

File Path                              PID    Runtime      # DAGs    # Errors  Last Runtime    Last Run
-------------------------------------  -----  ---------  --------  ----------  --------------  -------------------
/opt/airflow/dags/finsight_etl_dag.py                           1           0  0.54s           2026-05-02T15:02:18
================================================================================
[2026-05-02T15:03:16.589+0000] {manager.py:878} INFO - 
================================================================================
DAG File Processing Stats

File Path                              PID    Runtime      # DAGs    # Errors  Last Runtime    Last Run
-------------------------------------  -----  ---------  --------  ----------  --------------  -------------------
/opt/airflow/dags/finsight_etl_dag.py                           1           0  0.59s           2026-05-02T15:02:49
================================================================================
[2026-05-02T15:03:46.872+0000] {manager.py:878} INFO - 
================================================================================
DAG File Processing Stats

File Path                              PID    Runtime      # DAGs    # Errors  Last Runtime    Last Run
-------------------------------------  -----  ---------  --------  ----------  --------------  -------------------
/opt/airflow/dags/finsight_etl_dag.py                           1           0  0.54s           2026-05-02T15:03:20
================================================================================
[2026-05-02T15:04:17.090+0000] {manager.py:878} INFO - 
================================================================================
DAG File Processing Stats

File Path                              PID    Runtime      # DAGs    # Errors  Last Runtime    Last Run
-------------------------------------  -----  ---------  --------  ----------  --------------  -------------------
/opt/airflow/dags/finsight_etl_dag.py                           1           0  0.31s           2026-05-02T15:03:50
================================================================================
[2026-05-02T15:04:44.297+0000] {manager.py:737} INFO - Searching for files in /opt/airflow/dags
[2026-05-02T15:04:44.334+0000] {manager.py:740} INFO - There are 1 files in /opt/airflow/dags
[2026-05-02T15:04:47.374+0000] {manager.py:878} INFO - 
================================================================================
DAG File Processing Stats

File Path                              PID    Runtime      # DAGs    # Errors  Last Runtime    Last Run
-------------------------------------  -----  ---------  --------  ----------  --------------  -------------------
/opt/airflow/dags/finsight_etl_dag.py                           1           0  0.33s           2026-05-02T15:04:21
================================================================================
[2026-05-02T15:05:17.827+0000] {manager.py:878} INFO - 
================================================================================
DAG File Processing Stats

File Path                              PID    Runtime      # DAGs    # Errors  Last Runtime    Last Run
-------------------------------------  -----  ---------  --------  ----------  --------------  -------------------
/opt/airflow/dags/finsight_etl_dag.py                           1           0  0.32s           2026-05-02T15:04:51
================================================================================
[2026-05-02T15:05:48.370+0000] {manager.py:878} INFO - 
================================================================================
DAG File Processing Stats

File Path                              PID    Runtime      # DAGs    # Errors  Last Runtime    Last Run
-------------------------------------  -----  ---------  --------  ----------  --------------  -------------------
/opt/airflow/dags/finsight_etl_dag.py                           1           0  0.29s           2026-05-02T15:05:22
================================================================================
[2026-05-02T15:06:18.824+0000] {manager.py:878} INFO - 
================================================================================
DAG File Processing Stats

File Path                              PID    Runtime      # DAGs    # Errors  Last Runtime    Last Run
-------------------------------------  -----  ---------  --------  ----------  --------------  -------------------
/opt/airflow/dags/finsight_etl_dag.py                           1           0  0.28s           2026-05-02T15:05:52
================================================================================
[2026-05-02T15:06:49.328+0000] {manager.py:878} INFO - 
================================================================================
DAG File Processing Stats

File Path                              PID    Runtime      # DAGs    # Errors  Last Runtime    Last Run
-------------------------------------  -----  ---------  --------  ----------  --------------  -------------------
/opt/airflow/dags/finsight_etl_dag.py                           1           0  0.32s           2026-05-02T15:06:23
================================================================================
[2026-05-02T15:07:19.838+0000] {manager.py:878} INFO - 
================================================================================
DAG File Processing Stats

File Path                              PID    Runtime      # DAGs    # Errors  Last Runtime    Last Run
-------------------------------------  -----  ---------  --------  ----------  --------------  -------------------
/opt/airflow/dags/finsight_etl_dag.py                           1           0  0.28s           2026-05-02T15:06:53
================================================================================
[2026-05-02T15:07:50.358+0000] {manager.py:878} INFO - 
================================================================================
DAG File Processing Stats

File Path                              PID    Runtime      # DAGs    # Errors  Last Runtime    Last Run
-------------------------------------  -----  ---------  --------  ----------  --------------  -------------------
/opt/airflow/dags/finsight_etl_dag.py                           1           0  0.30s           2026-05-02T15:07:24
================================================================================
[2026-05-02T15:08:20.849+0000] {manager.py:878} INFO - 
================================================================================
DAG File Processing Stats

File Path                              PID    Runtime      # DAGs    # Errors  Last Runtime    Last Run
-------------------------------------  -----  ---------  --------  ----------  --------------  -------------------
/opt/airflow/dags/finsight_etl_dag.py                           1           0  0.27s           2026-05-02T15:07:54
================================================================================
[2026-05-02T15:08:51.316+0000] {manager.py:878} INFO - 
================================================================================
DAG File Processing Stats

File Path                              PID    Runtime      # DAGs    # Errors  Last Runtime    Last Run
-------------------------------------  -----  ---------  --------  ----------  --------------  -------------------
/opt/airflow/dags/finsight_etl_dag.py                           1           0  0.24s           2026-05-02T15:08:25
================================================================================
[2026-05-02T15:09:21.750+0000] {manager.py:878} INFO - 
================================================================================
DAG File Processing Stats

File Path                              PID    Runtime      # DAGs    # Errors  Last Runtime    Last Run
-------------------------------------  -----  ---------  --------  ----------  --------------  -------------------
/opt/airflow/dags/finsight_etl_dag.py                           1           0  0.33s           2026-05-02T15:08:55
================================================================================
[2026-05-02T15:09:44.462+0000] {manager.py:737} INFO - Searching for files in /opt/airflow/dags
[2026-05-02T15:09:44.515+0000] {manager.py:740} INFO - There are 1 files in /opt/airflow/dags
[2026-05-02T15:09:52.266+0000] {manager.py:878} INFO - 
================================================================================
DAG File Processing Stats

File Path                              PID    Runtime      # DAGs    # Errors  Last Runtime    Last Run
-------------------------------------  -----  ---------  --------  ----------  --------------  -------------------
/opt/airflow/dags/finsight_etl_dag.py                           1           0  0.27s           2026-05-02T15:09:26
================================================================================
[2026-05-02T15:10:22.804+0000] {manager.py:878} INFO - 
================================================================================
DAG File Processing Stats

File Path                              PID    Runtime      # DAGs    # Errors  Last Runtime    Last Run
-------------------------------------  -----  ---------  --------  ----------  --------------  -------------------
/opt/airflow/dags/finsight_etl_dag.py                           1           0  0.30s           2026-05-02T15:09:56
================================================================================
[2026-05-02T15:10:53.301+0000] {manager.py:878} INFO - 
================================================================================
DAG File Processing Stats

File Path                              PID    Runtime      # DAGs    # Errors  Last Runtime    Last Run
-------------------------------------  -----  ---------  --------  ----------  --------------  -------------------
/opt/airflow/dags/finsight_etl_dag.py                           1           0  0.30s           2026-05-02T15:10:27
================================================================================
[2026-05-02T15:11:23.857+0000] {manager.py:878} INFO - 
================================================================================
DAG File Processing Stats

File Path                              PID    Runtime      # DAGs    # Errors  Last Runtime    Last Run
-------------------------------------  -----  ---------  --------  ----------  --------------  -------------------
/opt/airflow/dags/finsight_etl_dag.py                           1           0  0.31s           2026-05-02T15:10:57
================================================================================
[2026-05-02T15:11:54.379+0000] {manager.py:878} INFO - 
================================================================================
DAG File Processing Stats

File Path                              PID    Runtime      # DAGs    # Errors  Last Runtime    Last Run
-------------------------------------  -----  ---------  --------  ----------  --------------  -------------------
/opt/airflow/dags/finsight_etl_dag.py                           1           0  0.28s           2026-05-02T15:11:28
================================================================================
[2026-05-02T15:12:24.873+0000] {manager.py:878} INFO - 
================================================================================
DAG File Processing Stats

File Path                              PID    Runtime      # DAGs    # Errors  Last Runtime    Last Run
-------------------------------------  -----  ---------  --------  ----------  --------------  -------------------
/opt/airflow/dags/finsight_etl_dag.py                           1           0  0.30s           2026-05-02T15:11:58
================================================================================
[2026-05-02T15:12:55.380+0000] {manager.py:878} INFO - 
================================================================================
DAG File Processing Stats

File Path                              PID    Runtime      # DAGs    # Errors  Last Runtime    Last Run
-------------------------------------  -----  ---------  --------  ----------  --------------  -------------------
/opt/airflow/dags/finsight_etl_dag.py                           1           0  0.28s           2026-05-02T15:12:29
================================================================================
[2026-05-02T15:13:25.871+0000] {manager.py:878} INFO - 
================================================================================
DAG File Processing Stats

File Path                              PID    Runtime      # DAGs    # Errors  Last Runtime    Last Run
-------------------------------------  -----  ---------  --------  ----------  --------------  -------------------
/opt/airflow/dags/finsight_etl_dag.py                           1           0  0.31s           2026-05-02T15:12:59
================================================================================
[2026-05-02T15:13:56.411+0000] {manager.py:878} INFO - 
================================================================================
DAG File Processing Stats

File Path                              PID    Runtime      # DAGs    # Errors  Last Runtime    Last Run
-------------------------------------  -----  ---------  --------  ----------  --------------  -------------------
/opt/airflow/dags/finsight_etl_dag.py                           1           0  0.29s           2026-05-02T15:13:30
================================================================================
[2026-05-02T15:14:26.904+0000] {manager.py:878} INFO - 
================================================================================
DAG File Processing Stats

File Path                              PID    Runtime      # DAGs    # Errors  Last Runtime    Last Run
-------------------------------------  -----  ---------  --------  ----------  --------------  -------------------
/opt/airflow/dags/finsight_etl_dag.py                           1           0  0.30s           2026-05-02T15:13:58
================================================================================
[2026-05-02T15:14:44.628+0000] {manager.py:737} INFO - Searching for files in /opt/airflow/dags
[2026-05-02T15:14:44.666+0000] {manager.py:740} INFO - There are 1 files in /opt/airflow/dags
[2026-05-02T15:14:57.423+0000] {manager.py:878} INFO - 
================================================================================
DAG File Processing Stats

File Path                              PID    Runtime      # DAGs    # Errors  Last Runtime    Last Run
-------------------------------------  -----  ---------  --------  ----------  --------------  -------------------
/opt/airflow/dags/finsight_etl_dag.py                           1           0  0.29s           2026-05-02T15:14:28
================================================================================
[2026-05-02T15:15:27.985+0000] {manager.py:878} INFO - 
================================================================================
DAG File Processing Stats

File Path                              PID    Runtime      # DAGs    # Errors  Last Runtime    Last Run
-------------------------------------  -----  ---------  --------  ----------  --------------  -------------------
/opt/airflow/dags/finsight_etl_dag.py                           1           0  0.29s           2026-05-02T15:14:59
================================================================================
[2026-05-02T15:15:58.479+0000] {manager.py:878} INFO - 
================================================================================
DAG File Processing Stats

File Path                              PID    Runtime      # DAGs    # Errors  Last Runtime    Last Run
-------------------------------------  -----  ---------  --------  ----------  --------------  -------------------
/opt/airflow/dags/finsight_etl_dag.py                           1           0  0.31s           2026-05-02T15:15:29
================================================================================
[2026-05-02T15:16:28.974+0000] {manager.py:878} INFO - 
================================================================================
DAG File Processing Stats

File Path                              PID    Runtime      # DAGs    # Errors  Last Runtime    Last Run
-------------------------------------  -----  ---------  --------  ----------  --------------  -------------------
/opt/airflow/dags/finsight_etl_dag.py                           1           0  0.29s           2026-05-02T15:16:00
================================================================================
[2026-05-02T15:16:59.477+0000] {manager.py:878} INFO - 
================================================================================
DAG File Processing Stats

File Path                              PID    Runtime      # DAGs    # Errors  Last Runtime    Last Run
-------------------------------------  -----  ---------  --------  ----------  --------------  -------------------
/opt/airflow/dags/finsight_etl_dag.py                           1           0  0.28s           2026-05-02T15:16:30
================================================================================
[2026-05-02T15:17:29.969+0000] {manager.py:878} INFO - 
================================================================================
DAG File Processing Stats

File Path                              PID    Runtime      # DAGs    # Errors  Last Runtime    Last Run
-------------------------------------  -----  ---------  --------  ----------  --------------  -------------------
/opt/airflow/dags/finsight_etl_dag.py                           1           0  0.32s           2026-05-02T15:17:01
================================================================================
[2026-05-02T15:18:00.511+0000] {manager.py:878} INFO - 
================================================================================
DAG File Processing Stats

File Path                              PID    Runtime      # DAGs    # Errors  Last Runtime    Last Run
-------------------------------------  -----  ---------  --------  ----------  --------------  -------------------
/opt/airflow/dags/finsight_etl_dag.py                           1           0  0.29s           2026-05-02T15:17:31
================================================================================
[2026-05-02T15:18:31.011+0000] {manager.py:878} INFO - 
================================================================================
DAG File Processing Stats

File Path                              PID    Runtime      # DAGs    # Errors  Last Runtime    Last Run
-------------------------------------  -----  ---------  --------  ----------  --------------  -------------------
/opt/airflow/dags/finsight_etl_dag.py                           1           0  0.29s           2026-05-02T15:18:02
================================================================================
[2026-05-02T15:19:01.542+0000] {manager.py:878} INFO - 
================================================================================
DAG File Processing Stats

File Path                              PID    Runtime      # DAGs    # Errors  Last Runtime    Last Run
-------------------------------------  -----  ---------  --------  ----------  --------------  -------------------
/opt/airflow/dags/finsight_etl_dag.py                           1           0  0.29s           2026-05-02T15:18:32
================================================================================
[2026-05-02T15:19:32.032+0000] {manager.py:878} INFO - 
================================================================================
DAG File Processing Stats

File Path                              PID    Runtime      # DAGs    # Errors  Last Runtime    Last Run
-------------------------------------  -----  ---------  --------  ----------  --------------  -------------------
/opt/airflow/dags/finsight_etl_dag.py                           1           0  0.30s           2026-05-02T15:19:03
================================================================================
[2026-05-02T15:19:44.734+0000] {manager.py:737} INFO - Searching for files in /opt/airflow/dags
[2026-05-02T15:19:44.777+0000] {manager.py:740} INFO - There are 1 files in /opt/airflow/dags
[2026-05-02T15:20:02.578+0000] {manager.py:878} INFO - 
================================================================================
DAG File Processing Stats

File Path                              PID    Runtime      # DAGs    # Errors  Last Runtime    Last Run
-------------------------------------  -----  ---------  --------  ----------  --------------  -------------------
/opt/airflow/dags/finsight_etl_dag.py                           1           0  0.30s           2026-05-02T15:19:33
================================================================================
[2026-05-02T15:20:33.173+0000] {manager.py:878} INFO - 
================================================================================
DAG File Processing Stats

File Path                              PID    Runtime      # DAGs    # Errors  Last Runtime    Last Run
-------------------------------------  -----  ---------  --------  ----------  --------------  -------------------
/opt/airflow/dags/finsight_etl_dag.py                           1           0  0.31s           2026-05-02T15:20:04
================================================================================
[2026-05-02T15:21:03.687+0000] {manager.py:878} INFO - 
================================================================================
DAG File Processing Stats

File Path                              PID    Runtime      # DAGs    # Errors  Last Runtime    Last Run
-------------------------------------  -----  ---------  --------  ----------  --------------  -------------------
/opt/airflow/dags/finsight_etl_dag.py                           1           0  0.26s           2026-05-02T15:20:34
================================================================================
[2026-05-02T15:21:34.166+0000] {manager.py:878} INFO - 
================================================================================
DAG File Processing Stats

File Path                              PID    Runtime      # DAGs    # Errors  Last Runtime    Last Run
-------------------------------------  -----  ---------  --------  ----------  --------------  -------------------
/opt/airflow/dags/finsight_etl_dag.py                           1           0  0.31s           2026-05-02T15:21:05
================================================================================
[2026-05-02T15:22:04.720+0000] {manager.py:878} INFO - 
================================================================================
DAG File Processing Stats

File Path                              PID    Runtime      # DAGs    # Errors  Last Runtime    Last Run
-------------------------------------  -----  ---------  --------  ----------  --------------  -------------------
/opt/airflow/dags/finsight_etl_dag.py                           1           0  0.37s           2026-05-02T15:21:35
================================================================================
[2026-05-02T15:22:35.283+0000] {manager.py:878} INFO - 
================================================================================
DAG File Processing Stats

File Path                              PID    Runtime      # DAGs    # Errors  Last Runtime    Last Run
-------------------------------------  -----  ---------  --------  ----------  --------------  -------------------
/opt/airflow/dags/finsight_etl_dag.py                           1           0  0.26s           2026-05-02T15:22:06
================================================================================
[2026-05-02T15:23:05.764+0000] {manager.py:878} INFO - 
================================================================================
DAG File Processing Stats

File Path                              PID    Runtime      # DAGs    # Errors  Last Runtime    Last Run
-------------------------------------  -----  ---------  --------  ----------  --------------  -------------------
/opt/airflow/dags/finsight_etl_dag.py                           1           0  0.27s           2026-05-02T15:22:36
================================================================================
[2026-05-02T15:23:36.228+0000] {manager.py:878} INFO - 
================================================================================
DAG File Processing Stats

File Path                              PID    Runtime      # DAGs    # Errors  Last Runtime    Last Run
-------------------------------------  -----  ---------  --------  ----------  --------------  -------------------
/opt/airflow/dags/finsight_etl_dag.py                           1           0  0.27s           2026-05-02T15:23:07
================================================================================
[2026-05-02T15:24:06.749+0000] {manager.py:878} INFO - 
================================================================================
DAG File Processing Stats

File Path                              PID    Runtime      # DAGs    # Errors  Last Runtime    Last Run
-------------------------------------  -----  ---------  --------  ----------  --------------  -------------------
/opt/airflow/dags/finsight_etl_dag.py                           1           0  0.35s           2026-05-02T15:23:37
================================================================================
[2026-05-02T15:24:37.329+0000] {manager.py:878} INFO - 
================================================================================
DAG File Processing Stats

File Path                              PID    Runtime      # DAGs    # Errors  Last Runtime    Last Run
-------------------------------------  -----  ---------  --------  ----------  --------------  -------------------
/opt/airflow/dags/finsight_etl_dag.py                           1           0  0.29s           2026-05-02T15:24:08
================================================================================
[2026-05-02T15:24:44.912+0000] {manager.py:737} INFO - Searching for files in /opt/airflow/dags
[2026-05-02T15:24:44.946+0000] {manager.py:740} INFO - There are 1 files in /opt/airflow/dags
[2026-05-02T15:25:07.797+0000] {manager.py:878} INFO - 
================================================================================
DAG File Processing Stats

File Path                              PID    Runtime      # DAGs    # Errors  Last Runtime    Last Run
-------------------------------------  -----  ---------  --------  ----------  --------------  -------------------
/opt/airflow/dags/finsight_etl_dag.py                           1           0  0.28s           2026-05-02T15:24:38
================================================================================
[2026-05-02T15:25:38.313+0000] {manager.py:878} INFO - 
================================================================================
DAG File Processing Stats

File Path                              PID    Runtime      # DAGs    # Errors  Last Runtime    Last Run
-------------------------------------  -----  ---------  --------  ----------  --------------  -------------------
/opt/airflow/dags/finsight_etl_dag.py                           1           0  0.29s           2026-05-02T15:25:09
================================================================================
[2026-05-02T15:26:08.852+0000] {manager.py:878} INFO - 
================================================================================
DAG File Processing Stats

File Path                              PID    Runtime      # DAGs    # Errors  Last Runtime    Last Run
-------------------------------------  -----  ---------  --------  ----------  --------------  -------------------
/opt/airflow/dags/finsight_etl_dag.py                           1           0  0.34s           2026-05-02T15:25:39
================================================================================
[2026-05-02T15:26:39.438+0000] {manager.py:878} INFO - 
================================================================================
DAG File Processing Stats

File Path                              PID    Runtime      # DAGs    # Errors  Last Runtime    Last Run
-------------------------------------  -----  ---------  --------  ----------  --------------  -------------------
/opt/airflow/dags/finsight_etl_dag.py                           1           0  0.28s           2026-05-02T15:26:10
================================================================================
[2026-05-02T15:27:09.880+0000] {manager.py:878} INFO - 
================================================================================
DAG File Processing Stats

File Path                              PID    Runtime      # DAGs    # Errors  Last Runtime    Last Run
-------------------------------------  -----  ---------  --------  ----------  --------------  -------------------
/opt/airflow/dags/finsight_etl_dag.py                           1           0  0.32s           2026-05-02T15:26:41
================================================================================
[2026-05-02T15:27:40.434+0000] {manager.py:878} INFO - 
================================================================================
DAG File Processing Stats

File Path                              PID    Runtime      # DAGs    # Errors  Last Runtime    Last Run
-------------------------------------  -----  ---------  --------  ----------  --------------  -------------------
/opt/airflow/dags/finsight_etl_dag.py                           1           0  0.33s           2026-05-02T15:27:11
================================================================================
[2026-05-02T15:28:10.939+0000] {manager.py:878} INFO - 
================================================================================
DAG File Processing Stats

File Path                              PID    Runtime      # DAGs    # Errors  Last Runtime    Last Run
-------------------------------------  -----  ---------  --------  ----------  --------------  -------------------
/opt/airflow/dags/finsight_etl_dag.py                           1           0  0.30s           2026-05-02T15:27:42
================================================================================
[2026-05-02T15:28:41.559+0000] {manager.py:878} INFO - 
================================================================================
DAG File Processing Stats

File Path                              PID    Runtime      # DAGs    # Errors  Last Runtime    Last Run
-------------------------------------  -----  ---------  --------  ----------  --------------  -------------------
/opt/airflow/dags/finsight_etl_dag.py                           1           0  0.30s           2026-05-02T15:28:12
================================================================================
[2026-05-02T15:29:11.970+0000] {manager.py:878} INFO - 
================================================================================
DAG File Processing Stats

File Path                              PID    Runtime      # DAGs    # Errors  Last Runtime    Last Run
-------------------------------------  -----  ---------  --------  ----------  --------------  -------------------
/opt/airflow/dags/finsight_etl_dag.py                           1           0  0.46s           2026-05-02T15:28:43
================================================================================
[2026-05-02T15:29:42.462+0000] {manager.py:878} INFO - 
================================================================================
DAG File Processing Stats

File Path                              PID    Runtime      # DAGs    # Errors  Last Runtime    Last Run
-------------------------------------  -----  ---------  --------  ----------  --------------  -------------------
/opt/airflow/dags/finsight_etl_dag.py                           1           0  0.37s           2026-05-02T15:29:13
================================================================================
[2026-05-02T15:29:45.169+0000] {manager.py:737} INFO - Searching for files in /opt/airflow/dags
[2026-05-02T15:29:45.205+0000] {manager.py:740} INFO - There are 1 files in /opt/airflow/dags
[2026-05-02T15:30:13.134+0000] {manager.py:878} INFO - 
================================================================================
DAG File Processing Stats

File Path                              PID    Runtime      # DAGs    # Errors  Last Runtime    Last Run
-------------------------------------  -----  ---------  --------  ----------  --------------  -------------------
/opt/airflow/dags/finsight_etl_dag.py                           1           0  0.29s           2026-05-02T15:29:44
================================================================================
[2026-05-02T15:30:43.601+0000] {manager.py:878} INFO - 
================================================================================
DAG File Processing Stats

File Path                              PID    Runtime      # DAGs    # Errors  Last Runtime    Last Run
-------------------------------------  -----  ---------  --------  ----------  --------------  -------------------
/opt/airflow/dags/finsight_etl_dag.py                           1           0  0.30s           2026-05-02T15:30:14
================================================================================
[2026-05-02T15:31:14.131+0000] {manager.py:878} INFO - 
================================================================================
DAG File Processing Stats

File Path                              PID    Runtime      # DAGs    # Errors  Last Runtime    Last Run
-------------------------------------  -----  ---------  --------  ----------  --------------  -------------------
/opt/airflow/dags/finsight_etl_dag.py                           1           0  0.29s           2026-05-02T15:30:45
================================================================================
[2026-05-02T15:31:44.629+0000] {manager.py:878} INFO - 
================================================================================
DAG File Processing Stats

File Path                              PID    Runtime      # DAGs    # Errors  Last Runtime    Last Run
-------------------------------------  -----  ---------  --------  ----------  --------------  -------------------
/opt/airflow/dags/finsight_etl_dag.py                           1           0  0.27s           2026-05-02T15:31:15
================================================================================
[2026-05-02T15:32:15.074+0000] {manager.py:878} INFO - 
================================================================================
DAG File Processing Stats

File Path                              PID    Runtime      # DAGs    # Errors  Last Runtime    Last Run
-------------------------------------  -----  ---------  --------  ----------  --------------  -------------------
/opt/airflow/dags/finsight_etl_dag.py                           1           0  0.32s           2026-05-02T15:31:46
================================================================================
[2026-05-02T15:32:45.642+0000] {manager.py:878} INFO - 
================================================================================
DAG File Processing Stats

File Path                              PID    Runtime      # DAGs    # Errors  Last Runtime    Last Run
-------------------------------------  -----  ---------  --------  ----------  --------------  -------------------
/opt/airflow/dags/finsight_etl_dag.py                           1           0  0.28s           2026-05-02T15:32:16
================================================================================
[2026-05-02T15:33:16.113+0000] {manager.py:878} INFO - 
================================================================================
DAG File Processing Stats

File Path                              PID    Runtime      # DAGs    # Errors  Last Runtime    Last Run
-------------------------------------  -----  ---------  --------  ----------  --------------  -------------------
/opt/airflow/dags/finsight_etl_dag.py                           1           0  0.28s           2026-05-02T15:32:47
================================================================================
[2026-05-02T15:33:46.577+0000] {manager.py:878} INFO - 
================================================================================
DAG File Processing Stats

File Path                              PID    Runtime      # DAGs    # Errors  Last Runtime    Last Run
-------------------------------------  -----  ---------  --------  ----------  --------------  -------------------
/opt/airflow/dags/finsight_etl_dag.py                           1           0  0.29s           2026-05-02T15:33:17
================================================================================
[2026-05-02T15:34:17.175+0000] {manager.py:878} INFO - 
================================================================================
DAG File Processing Stats

File Path                              PID    Runtime      # DAGs    # Errors  Last Runtime    Last Run
-------------------------------------  -----  ---------  --------  ----------  --------------  -------------------
/opt/airflow/dags/finsight_etl_dag.py                           1           0  0.34s           2026-05-02T15:33:48
================================================================================
[2026-05-02T15:34:45.644+0000] {manager.py:737} INFO - Searching for files in /opt/airflow/dags
[2026-05-02T15:34:45.690+0000] {manager.py:740} INFO - There are 1 files in /opt/airflow/dags
[2026-05-02T15:34:47.724+0000] {manager.py:878} INFO - 
================================================================================
DAG File Processing Stats

File Path                              PID    Runtime      # DAGs    # Errors  Last Runtime    Last Run
-------------------------------------  -----  ---------  --------  ----------  --------------  -------------------
/opt/airflow/dags/finsight_etl_dag.py                           1           0  0.36s           2026-05-02T15:34:18
================================================================================
[2026-05-02T15:35:18.233+0000] {manager.py:878} INFO - 
================================================================================
DAG File Processing Stats

File Path                              PID    Runtime      # DAGs    # Errors  Last Runtime    Last Run
-------------------------------------  -----  ---------  --------  ----------  --------------  -------------------
/opt/airflow/dags/finsight_etl_dag.py                           1           0  0.32s           2026-05-02T15:34:49
================================================================================
[2026-05-02T15:35:48.742+0000] {manager.py:878} INFO - 
================================================================================
DAG File Processing Stats

File Path                              PID    Runtime      # DAGs    # Errors  Last Runtime    Last Run
-------------------------------------  -----  ---------  --------  ----------  --------------  -------------------
/opt/airflow/dags/finsight_etl_dag.py                           1           0  0.29s           2026-05-02T15:35:19
================================================================================
[2026-05-02T15:36:19.280+0000] {manager.py:878} INFO - 
================================================================================
DAG File Processing Stats

File Path                              PID    Runtime      # DAGs    # Errors  Last Runtime    Last Run
-------------------------------------  -----  ---------  --------  ----------  --------------  -------------------
/opt/airflow/dags/finsight_etl_dag.py                           1           0  0.31s           2026-05-02T15:35:50
================================================================================
[2026-05-02T15:36:49.739+0000] {manager.py:878} INFO - 
================================================================================
DAG File Processing Stats

File Path                              PID    Runtime      # DAGs    # Errors  Last Runtime    Last Run
-------------------------------------  -----  ---------  --------  ----------  --------------  -------------------
/opt/airflow/dags/finsight_etl_dag.py                           1           0  0.33s           2026-05-02T15:36:20
================================================================================
[2026-05-02T15:36:57.840+0000] {manager.py:452} INFO - Exiting gracefully upon receiving signal 15
[2026-05-02T15:38:19.742+0000] {manager.py:470} INFO - Processing files using up to 2 processes at a time 
[2026-05-02T15:38:19.745+0000] {manager.py:471} INFO - Process each file at most once every 30 seconds
[2026-05-02T15:38:19.747+0000] {manager.py:472} INFO - Checking for new files in /opt/airflow/dags every 300 seconds
[2026-05-02T15:38:19.749+0000] {manager.py:737} INFO - Searching for files in /opt/airflow/dags
[2026-05-02T15:38:19.805+0000] {manager.py:740} INFO - There are 1 files in /opt/airflow/dags
[2026-05-02T15:38:20.463+0000] {manager.py:878} INFO - 
================================================================================
DAG File Processing Stats

File Path                                PID  Runtime      # DAGs    # Errors  Last Runtime    Last Run
-------------------------------------  -----  ---------  --------  ----------  --------------  ----------
/opt/airflow/dags/finsight_etl_dag.py    187  0.34s             0           0
================================================================================
[2026-05-02T15:38:50.661+0000] {manager.py:878} INFO - 
================================================================================
DAG File Processing Stats

File Path                              PID    Runtime      # DAGs    # Errors  Last Runtime    Last Run
-------------------------------------  -----  ---------  --------  ----------  --------------  -------------------
/opt/airflow/dags/finsight_etl_dag.py                           1           0  2.40s           2026-05-02T15:38:22
================================================================================
[2026-05-02T15:39:20.910+0000] {manager.py:878} INFO - 
================================================================================
DAG File Processing Stats

File Path                              PID    Runtime      # DAGs    # Errors  Last Runtime    Last Run
-------------------------------------  -----  ---------  --------  ----------  --------------  -------------------
/opt/airflow/dags/finsight_etl_dag.py                           1           0  0.33s           2026-05-02T15:38:53
================================================================================
[2026-05-02T15:39:51.539+0000] {manager.py:878} INFO - 
================================================================================
DAG File Processing Stats

File Path                              PID    Runtime      # DAGs    # Errors  Last Runtime    Last Run
-------------------------------------  -----  ---------  --------  ----------  --------------  -------------------
/opt/airflow/dags/finsight_etl_dag.py                           1           0  0.33s           2026-05-02T15:39:23
================================================================================
[2026-05-02T15:40:22.037+0000] {manager.py:878} INFO - 
================================================================================
DAG File Processing Stats

File Path                              PID    Runtime      # DAGs    # Errors  Last Runtime    Last Run
-------------------------------------  -----  ---------  --------  ----------  --------------  -------------------
/opt/airflow/dags/finsight_etl_dag.py                           1           0  0.37s           2026-05-02T15:39:54
================================================================================
[2026-05-02T15:40:52.165+0000] {manager.py:878} INFO - 
================================================================================
DAG File Processing Stats

File Path                              PID    Runtime      # DAGs    # Errors  Last Runtime    Last Run
-------------------------------------  -----  ---------  --------  ----------  --------------  -------------------
/opt/airflow/dags/finsight_etl_dag.py                           1           0  0.57s           2026-05-02T15:40:24
================================================================================
[2026-05-02T15:41:22.920+0000] {manager.py:878} INFO - 
================================================================================
DAG File Processing Stats

File Path                              PID    Runtime      # DAGs    # Errors  Last Runtime    Last Run
-------------------------------------  -----  ---------  --------  ----------  --------------  -------------------
/opt/airflow/dags/finsight_etl_dag.py                           1           0  0.59s           2026-05-02T15:40:55
================================================================================
[2026-05-02T15:41:53.213+0000] {manager.py:878} INFO - 
================================================================================
DAG File Processing Stats

File Path                              PID    Runtime      # DAGs    # Errors  Last Runtime    Last Run
-------------------------------------  -----  ---------  --------  ----------  --------------  -------------------
/opt/airflow/dags/finsight_etl_dag.py                           1           0  0.74s           2026-05-02T15:41:26
================================================================================
[2026-05-02T15:42:02.840+0000] {manager.py:452} INFO - Exiting gracefully upon receiving signal 15
[2026-05-02T15:42:49.043+0000] {manager.py:470} INFO - Processing files using up to 2 processes at a time 
[2026-05-02T15:42:49.044+0000] {manager.py:471} INFO - Process each file at most once every 30 seconds
[2026-05-02T15:42:49.046+0000] {manager.py:472} INFO - Checking for new files in /opt/airflow/dags every 300 seconds
[2026-05-02T15:42:49.047+0000] {manager.py:737} INFO - Searching for files in /opt/airflow/dags
[2026-05-02T15:42:49.085+0000] {manager.py:740} INFO - There are 1 files in /opt/airflow/dags
[2026-05-02T15:42:49.298+0000] {manager.py:878} INFO - 
================================================================================
DAG File Processing Stats

File Path                                PID  Runtime      # DAGs    # Errors  Last Runtime    Last Run
-------------------------------------  -----  ---------  --------  ----------  --------------  ----------
/opt/airflow/dags/finsight_etl_dag.py    181  0.08s             0           0
================================================================================
[2026-05-02T15:43:19.491+0000] {manager.py:878} INFO - 
================================================================================
DAG File Processing Stats

File Path                              PID    Runtime      # DAGs    # Errors  Last Runtime    Last Run
-------------------------------------  -----  ---------  --------  ----------  --------------  -------------------
/opt/airflow/dags/finsight_etl_dag.py                           1           0  0.29s           2026-05-02T15:42:49
================================================================================
[2026-05-02T15:43:49.690+0000] {manager.py:878} INFO - 
================================================================================
DAG File Processing Stats

File Path                              PID    Runtime      # DAGs    # Errors  Last Runtime    Last Run
-------------------------------------  -----  ---------  --------  ----------  --------------  -------------------
/opt/airflow/dags/finsight_etl_dag.py                           1           0  0.87s           2026-05-02T15:43:20
================================================================================
[2026-05-02T15:44:19.996+0000] {manager.py:878} INFO - 
================================================================================
DAG File Processing Stats

File Path                              PID    Runtime      # DAGs    # Errors  Last Runtime    Last Run
-------------------------------------  -----  ---------  --------  ----------  --------------  -------------------
/opt/airflow/dags/finsight_etl_dag.py                           1           0  0.24s           2026-05-02T15:43:50
================================================================================
[2026-05-02T15:44:50.355+0000] {manager.py:878} INFO - 
================================================================================
DAG File Processing Stats

File Path                              PID    Runtime      # DAGs    # Errors  Last Runtime    Last Run
-------------------------------------  -----  ---------  --------  ----------  --------------  -------------------
/opt/airflow/dags/finsight_etl_dag.py                           1           0  0.31s           2026-05-02T15:44:21
================================================================================
[2026-05-02T15:45:20.706+0000] {manager.py:878} INFO - 
================================================================================
DAG File Processing Stats

File Path                              PID    Runtime      # DAGs    # Errors  Last Runtime    Last Run
-------------------------------------  -----  ---------  --------  ----------  --------------  -------------------
/opt/airflow/dags/finsight_etl_dag.py                           1           0  0.51s           2026-05-02T15:44:51
================================================================================
[2026-05-02T15:45:50.909+0000] {manager.py:878} INFO - 
================================================================================
DAG File Processing Stats

File Path                              PID    Runtime      # DAGs    # Errors  Last Runtime    Last Run
-------------------------------------  -----  ---------  --------  ----------  --------------  -------------------
/opt/airflow/dags/finsight_etl_dag.py                           1           0  0.65s           2026-05-02T15:45:22
================================================================================
[2026-05-02T15:46:21.113+0000] {manager.py:878} INFO - 
================================================================================
DAG File Processing Stats

File Path                              PID    Runtime      # DAGs    # Errors  Last Runtime    Last Run
-------------------------------------  -----  ---------  --------  ----------  --------------  -------------------
/opt/airflow/dags/finsight_etl_dag.py                           1           0  0.58s           2026-05-02T15:45:53
================================================================================
[2026-05-02T15:46:51.317+0000] {manager.py:878} INFO - 
================================================================================
DAG File Processing Stats

File Path                              PID    Runtime      # DAGs    # Errors  Last Runtime    Last Run
-------------------------------------  -----  ---------  --------  ----------  --------------  -------------------
/opt/airflow/dags/finsight_etl_dag.py                           1           0  0.41s           2026-05-02T15:46:24
================================================================================
[2026-05-02T15:47:21.918+0000] {manager.py:878} INFO - 
================================================================================
DAG File Processing Stats

File Path                              PID    Runtime      # DAGs    # Errors  Last Runtime    Last Run
-------------------------------------  -----  ---------  --------  ----------  --------------  -------------------
/opt/airflow/dags/finsight_etl_dag.py                           1           0  0.32s           2026-05-02T15:46:54
================================================================================
[2026-05-02T15:47:49.351+0000] {manager.py:737} INFO - Searching for files in /opt/airflow/dags
[2026-05-02T15:47:49.402+0000] {manager.py:740} INFO - There are 1 files in /opt/airflow/dags
[2026-05-02T15:47:52.451+0000] {manager.py:878} INFO - 
================================================================================
DAG File Processing Stats

File Path                              PID    Runtime      # DAGs    # Errors  Last Runtime    Last Run
-------------------------------------  -----  ---------  --------  ----------  --------------  -------------------
/opt/airflow/dags/finsight_etl_dag.py                           1           0  0.30s           2026-05-02T15:47:25
================================================================================
[2026-05-02T15:48:22.945+0000] {manager.py:878} INFO - 
================================================================================
DAG File Processing Stats

File Path                              PID    Runtime      # DAGs    # Errors  Last Runtime    Last Run
-------------------------------------  -----  ---------  --------  ----------  --------------  -------------------
/opt/airflow/dags/finsight_etl_dag.py                           1           0  0.32s           2026-05-02T15:47:56
================================================================================
[2026-05-02T15:48:53.437+0000] {manager.py:878} INFO - 
================================================================================
DAG File Processing Stats

File Path                              PID    Runtime      # DAGs    # Errors  Last Runtime    Last Run
-------------------------------------  -----  ---------  --------  ----------  --------------  -------------------
/opt/airflow/dags/finsight_etl_dag.py                           1           0  0.27s           2026-05-02T15:48:26
================================================================================
[2026-05-02T15:49:23.997+0000] {manager.py:878} INFO - 
================================================================================
DAG File Processing Stats

File Path                              PID    Runtime      # DAGs    # Errors  Last Runtime    Last Run
-------------------------------------  -----  ---------  --------  ----------  --------------  -------------------
/opt/airflow/dags/finsight_etl_dag.py                           1           0  0.29s           2026-05-02T15:48:57
================================================================================
[2026-05-02T15:49:54.389+0000] {manager.py:878} INFO - 
================================================================================
DAG File Processing Stats

File Path                              PID    Runtime      # DAGs    # Errors  Last Runtime    Last Run
-------------------------------------  -----  ---------  --------  ----------  --------------  -------------------
/opt/airflow/dags/finsight_etl_dag.py                           1           0  0.27s           2026-05-02T15:49:27
================================================================================
[2026-05-02T15:50:24.671+0000] {manager.py:878} INFO - 
================================================================================
DAG File Processing Stats

File Path                              PID    Runtime      # DAGs    # Errors  Last Runtime    Last Run
-------------------------------------  -----  ---------  --------  ----------  --------------  -------------------
/opt/airflow/dags/finsight_etl_dag.py                           1           0  0.35s           2026-05-02T15:49:57
================================================================================
[2026-05-02T15:50:55.166+0000] {manager.py:878} INFO - 
================================================================================
DAG File Processing Stats

File Path                              PID    Runtime      # DAGs    # Errors  Last Runtime    Last Run
-------------------------------------  -----  ---------  --------  ----------  --------------  -------------------
/opt/airflow/dags/finsight_etl_dag.py                           1           0  0.29s           2026-05-02T15:50:28
================================================================================
